"<Response [200]>"
----------------------
{
    "head": {
        "vars": [
            "depth",
            "predecessor",
            "linkType",
            "out"
        ]
    },
    "results": {
        "bindings": [
            {
                "out": {
                    "type": "uri",
                    "value": "http://prism.uvsq.fr/m"
                },
                "depth": {
                    "datatype": "http://www.w3.org/2001/XMLSchema#int",
                    "type": "literal",
                    "value": "7"
                },
                "predecessor": {
                    "type": "uri",
                    "value": "http://prism.uvsq.fr/n"
                },
                "linkType": {
                    "type": "uri",
                    "value": "http://prism.uvsq.fr#p"
                }
            },
            {
                "out": {
                    "type": "uri",
                    "value": "http://prism.uvsq.fr/n"
                },
                "depth": {
                    "datatype": "http://www.w3.org/2001/XMLSchema#int",
                    "type": "literal",
                    "value": "6"
                },
                "predecessor": {
                    "type": "uri",
                    "value": "http://prism.uvsq.fr/o"
                },
                "linkType": {
                    "type": "uri",
                    "value": "http://prism.uvsq.fr#p"
                }
            },
            {
                "out": {
                    "type": "uri",
                    "value": "http://prism.uvsq.fr/o"
                },
                "depth": {
                    "datatype": "http://www.w3.org/2001/XMLSchema#int",
                    "type": "literal",
                    "value": "5"
                },
                "predecessor": {
                    "type": "uri",
                    "value": "http://prism.uvsq.fr/e"
                },
                "linkType": {
                    "type": "uri",
                    "value": "http://prism.uvsq.fr#p"
                }
            },
            {
                "out": {
                    "type": "uri",
                    "value": "http://prism.uvsq.fr/e"
                },
                "depth": {
                    "datatype": "http://www.w3.org/2001/XMLSchema#int",
                    "type": "literal",
                    "value": "4"
                },
                "predecessor": {
                    "type": "uri",
                    "value": "http://prism.uvsq.fr/d"
                },
                "linkType": {
                    "type": "uri",
                    "value": "http://prism.uvsq.fr#p"
                }
            },
            {
                "out": {
                    "type": "uri",
                    "value": "http://prism.uvsq.fr/d"
                },
                "depth": {
                    "datatype": "http://www.w3.org/2001/XMLSchema#int",
                    "type": "literal",
                    "value": "3"
                },
                "predecessor": {
                    "type": "uri",
                    "value": "http://prism.uvsq.fr/c"
                },
                "linkType": {
                    "type": "uri",
                    "value": "http://prism.uvsq.fr#p"
                }
            },
            {
                "out": {
                    "type": "uri",
                    "value": "http://prism.uvsq.fr/c"
                },
                "depth": {
                    "datatype": "http://www.w3.org/2001/XMLSchema#int",
                    "type": "literal",
                    "value": "2"
                },
                "predecessor": {
                    "type": "uri",
                    "value": "http://prism.uvsq.fr/b"
                },
                "linkType": {
                    "type": "uri",
                    "value": "http://prism.uvsq.fr#p"
                }
            },
            {
                "out": {
                    "type": "uri",
                    "value": "http://prism.uvsq.fr/b"
                },
                "depth": {
                    "datatype": "http://www.w3.org/2001/XMLSchema#int",
                    "type": "literal",
                    "value": "1"
                },
                "predecessor": {
                    "type": "uri",
                    "value": "http://prism.uvsq.fr/a"
                },
                "linkType": {
                    "type": "uri",
                    "value": "http://prism.uvsq.fr#p"
                }
            }
        ]
    }
}
http://prism.uvsq.fr/m <--(http://prism.uvsq.fr#p)--<< http://prism.uvsq.fr/n
http://prism.uvsq.fr/n <--(http://prism.uvsq.fr#p)--<< http://prism.uvsq.fr/o
http://prism.uvsq.fr/o <--(http://prism.uvsq.fr#p)--<< http://prism.uvsq.fr/e
http://prism.uvsq.fr/e <--(http://prism.uvsq.fr#p)--<< http://prism.uvsq.fr/d
http://prism.uvsq.fr/d <--(http://prism.uvsq.fr#p)--<< http://prism.uvsq.fr/c
http://prism.uvsq.fr/c <--(http://prism.uvsq.fr#p)--<< http://prism.uvsq.fr/b
http://prism.uvsq.fr/b <--(http://prism.uvsq.fr#p)--<< http://prism.uvsq.fr/a
