James Bond knows:
M
Q
http://example.org/stuff/M
http://example.org/stuff/Q
