<Response [200]>
----------------------
{'head': {'vars': ['depth', 'predecessor', 'linkType', 'out']}, 'results': {'bindings': [{'out': {'type': 'uri', 'value': 'http://sunflower.test/phone/%2B7+812+670+00+00'}, 'depth': {'datatype': 'http://www.w3.org/2001/XMLSchema#int', 'type': 'literal', 'value': '2'}, 'predecessor': {'type': 'uri', 'value': 'http://sunflower.test/handle/CMFT'}, 'linkType': {'type': 'uri', 'value': 'http://sunflower.test/has_phone'}}, {'out': {'type': 'uri', 'value': 'http://sunflower.test/handle/CMFT'}, 'depth': {'datatype': 'http://www.w3.org/2001/XMLSchema#int', 'type': 'literal', 'value': '1'}, 'predecessor': {'type': 'uri', 'value': 'http://sunflower.test/asn_cidr/85.142.164.0%2F22'}, 'linkType': {'type': 'uri', 'value': 'http://sunflower.test/abuse_c'}}, {'out': {'type': 'uri', 'value': 'http://sunflower.test/asn_cidr/85.142.164.0%2F22'}, 'depth': {'datatype': 'http://www.w3.org/2001/XMLSchema#int', 'type': 'literal', 'value': '0'}, 'predecessor': {'type': 'uri', 'value': 'http://sunflower.test/asn/56534'}, 'linkType': {'type': 'uri', 'value': 'http://sunflower.test/contains'}}, {'out': {'type': 'uri', 'value': 'http://sunflower.test/asn_cidr/85.142.164.0%2F22'}, 'depth': {'datatype': 'http://www.w3.org/2001/XMLSchema#int', 'type': 'literal', 'value': '0'}, 'predecessor': {'type': 'uri', 'value': 'http://sunflower.test/handle/CMFT'}, 'linkType': {'type': 'uri', 'value': 'http://sunflower.test/is_abuse_c_of'}}]}}
http://sunflower.test/phone/%2B7+812+670+00+00 <--(http://sunflower.test/has_phone)--<< http://sunflower.test/handle/CMFT
http://sunflower.test/handle/CMFT <--(http://sunflower.test/abuse_c)--<< http://sunflower.test/asn_cidr/85.142.164.0%2F22
http://sunflower.test/asn_cidr/85.142.164.0%2F22 <--(http://sunflower.test/contains)--<< http://sunflower.test/asn/56534
http://sunflower.test/asn_cidr/85.142.164.0%2F22 <--(http://sunflower.test/is_abuse_c_of)--<< http://sunflower.test/handle/CMFT
